m2info/ter/decofo/manager/hetd/CalculEffectifUE.class
m2info/ter/decofo/classes/PasswordChange.class
m2info/ter/decofo/controllers/gestion/OptionController.class
m2info/ter/decofo/controllers/auth/RolesControlleur.class
m2info/ter/decofo/manager/Generation.class
m2info/ter/decofo/dao/DAOBloc.class
m2info/ter/decofo/classes/Effectif.class
m2info/ter/decofo/auth/filter/AuthFilter.class
m2info/ter/decofo/manager/hetd/CalculNombreGroupesUE.class
m2info/ter/decofo/classes/Option.class
m2info/ter/decofo/classes/Formation.class
m2info/ter/decofo/manager/gestion/UEManager.class
m2info/ter/decofo/controllers/gestion/BlocController.class
m2info/ter/decofo/manager/hetd/RepartitionEffectifOption.class
m2info/ter/decofo/dao/DAOFormation.class
m2info/ter/decofo/classes/Bloc.class
m2info/ter/decofo/controllers/gestion/UEController.class
m2info/ter/decofo/controllers/hetd/EstimationController.class
m2info/ter/decofo/manager/auth/AuthManager.class
m2info/ter/decofo/manager/gestion/BlocManager.class
m2info/ter/decofo/exceptions/NotFoundResponse.class
m2info/ter/decofo/manager/auth/RolesFilter.class
m2info/ter/decofo/controllers/gestion/FormationController.class
m2info/ter/decofo/manager/hetd/EstimationHETD.class
m2info/ter/decofo/DecofoApplication.class
m2info/ter/decofo/manager/auth/UserManager.class
m2info/ter/decofo/dao/DAOUe.class
m2info/ter/decofo/exceptions/NotFoundObjectException.class
m2info/ter/decofo/controllers/auth/UserController.class
m2info/ter/decofo/exceptions/AuthException.class
m2info/ter/decofo/dao/DAOOption.class
m2info/ter/decofo/exceptions/ItemExistInListException.class
m2info/ter/decofo/classes/UE.class
m2info/ter/decofo/dao/DAOUser.class
m2info/ter/decofo/manager/gestion/Manager.class
m2info/ter/decofo/dao/DAO.class
m2info/ter/decofo/exceptions/FormationParentNotFoundException.class
m2info/ter/decofo/controllers/auth/AuthController.class
m2info/ter/decofo/manager/gestion/OptionManager.class
m2info/ter/decofo/manager/gestion/FormationManager.class
m2info/ter/decofo/exceptions/ServerErrorResponse.class
m2info/ter/decofo/classes/User.class
m2info/ter/decofo/exceptions/DecofoException.class
m2info/ter/decofo/manager/auth/RolesManager.class
