/home/fallou/mywork/M2/TER/decofo/src/main/java/m2info/ter/decofo/exceptions/NotFoundResponse.java
/home/fallou/mywork/M2/TER/decofo/src/main/java/m2info/ter/decofo/classes/Option.java
/home/fallou/mywork/M2/TER/decofo/src/main/java/m2info/ter/decofo/controllers/auth/AuthController.java
/home/fallou/mywork/M2/TER/decofo/src/main/java/m2info/ter/decofo/manager/gestion/OptionManager.java
/home/fallou/mywork/M2/TER/decofo/src/main/java/m2info/ter/decofo/classes/UE.java
/home/fallou/mywork/M2/TER/decofo/src/main/java/m2info/ter/decofo/exceptions/ServerErrorResponse.java
/home/fallou/mywork/M2/TER/decofo/src/main/java/m2info/ter/decofo/exceptions/NotFoundObjectException.java
/home/fallou/mywork/M2/TER/decofo/src/main/java/m2info/ter/decofo/manager/auth/RolesFilter.java
/home/fallou/mywork/M2/TER/decofo/src/main/java/m2info/ter/decofo/controllers/auth/RolesControlleur.java
/home/fallou/mywork/M2/TER/decofo/src/main/java/m2info/ter/decofo/manager/auth/UserManager.java
/home/fallou/mywork/M2/TER/decofo/src/main/java/m2info/ter/decofo/classes/User.java
/home/fallou/mywork/M2/TER/decofo/src/main/java/m2info/ter/decofo/controllers/auth/UserController.java
/home/fallou/mywork/M2/TER/decofo/src/main/java/m2info/ter/decofo/manager/gestion/FormationManager.java
/home/fallou/mywork/M2/TER/decofo/src/main/java/m2info/ter/decofo/exceptions/AuthException.java
/home/fallou/mywork/M2/TER/decofo/src/main/java/m2info/ter/decofo/controllers/gestion/UEController.java
/home/fallou/mywork/M2/TER/decofo/src/main/java/m2info/ter/decofo/exceptions/FormationParentNotFoundException.java
/home/fallou/mywork/M2/TER/decofo/src/main/java/m2info/ter/decofo/dao/DAO.java
/home/fallou/mywork/M2/TER/decofo/src/main/java/m2info/ter/decofo/dao/DAOBloc.java
/home/fallou/mywork/M2/TER/decofo/src/main/java/m2info/ter/decofo/dao/DAOFormation.java
/home/fallou/mywork/M2/TER/decofo/src/main/java/m2info/ter/decofo/dao/DAOUe.java
/home/fallou/mywork/M2/TER/decofo/src/main/java/m2info/ter/decofo/controllers/gestion/OptionController.java
/home/fallou/mywork/M2/TER/decofo/src/main/java/m2info/ter/decofo/controllers/gestion/FormationController.java
/home/fallou/mywork/M2/TER/decofo/src/main/java/m2info/ter/decofo/manager/hetd/CalculNombreGroupesUE.java
/home/fallou/mywork/M2/TER/decofo/src/main/java/m2info/ter/decofo/classes/Formation.java
/home/fallou/mywork/M2/TER/decofo/src/main/java/m2info/ter/decofo/dao/DAOOption.java
/home/fallou/mywork/M2/TER/decofo/src/main/java/m2info/ter/decofo/controllers/gestion/BlocController.java
/home/fallou/mywork/M2/TER/decofo/src/main/java/m2info/ter/decofo/controllers/hetd/EstimationController.java
/home/fallou/mywork/M2/TER/decofo/src/main/java/m2info/ter/decofo/dao/DAOUser.java
/home/fallou/mywork/M2/TER/decofo/src/main/java/m2info/ter/decofo/exceptions/ItemExistInListException.java
/home/fallou/mywork/M2/TER/decofo/src/main/java/m2info/ter/decofo/classes/Bloc.java
/home/fallou/mywork/M2/TER/decofo/src/main/java/m2info/ter/decofo/manager/hetd/EstimationHETD.java
/home/fallou/mywork/M2/TER/decofo/src/main/java/m2info/ter/decofo/manager/Generation.java
/home/fallou/mywork/M2/TER/decofo/src/main/java/m2info/ter/decofo/manager/gestion/BlocManager.java
/home/fallou/mywork/M2/TER/decofo/src/main/java/m2info/ter/decofo/manager/gestion/UEManager.java
/home/fallou/mywork/M2/TER/decofo/src/main/java/m2info/ter/decofo/manager/gestion/Manager.java
/home/fallou/mywork/M2/TER/decofo/src/main/java/m2info/ter/decofo/classes/Effectif.java
/home/fallou/mywork/M2/TER/decofo/src/main/java/m2info/ter/decofo/exceptions/DecofoException.java
/home/fallou/mywork/M2/TER/decofo/src/main/java/m2info/ter/decofo/manager/hetd/RepartitionEffectifOption.java
/home/fallou/mywork/M2/TER/decofo/src/main/java/m2info/ter/decofo/manager/hetd/CalculEffectifUE.java
/home/fallou/mywork/M2/TER/decofo/src/main/java/m2info/ter/decofo/manager/auth/AuthManager.java
/home/fallou/mywork/M2/TER/decofo/src/main/java/m2info/ter/decofo/DecofoApplication.java
/home/fallou/mywork/M2/TER/decofo/src/main/java/m2info/ter/decofo/manager/auth/RolesManager.java
